// Jest Snapshot v1, https://goo.gl/fbAQLP

exports[`Basket render 1`] = `
Array [
  <div
    className="alert alert-success mb-2 mt-2 ml-3 mr-3"
  >
    In your basket:
  </div>,
  <ul
    className="list-group list-group-flush mb-3 mt-3 ml-3 mr-3"
  >
    <li
      className="list-group-item mb-1 mt-1 ml-1 mr-1"
    >
      Pizza 1 - 1 $
      <button
        className="btn btn-danger btn-sm mb-1 mt-1 ml-1 mr-1"
        onClick={[Function]}
      >
         x 
      </button>
    </li>
    <li
      className="list-group-item mb-1 mt-1 ml-1 mr-1"
    >
      Pizza 2 - 2 $
      <button
        className="btn btn-danger btn-sm mb-1 mt-1 ml-1 mr-1"
        onClick={[Function]}
      >
         x 
      </button>
    </li>
    <li
      className="list-group-item mb-1 mt-1 ml-1 mr-1"
    >
      Pizza 3 - 3 $
      <button
        className="btn btn-danger btn-sm mb-1 mt-1 ml-1 mr-1"
        onClick={[Function]}
      >
         x 
      </button>
    </li>
  </ul>,
  <div
    className="alert alert-primary mb-3 mt-3 ml-3 mr-3"
  >
    <p>
      Total for 3 pizzas: 6$
    </p>
    <p>
      With delivery: 9$
    </p>
  </div>,
]
`;
